  Compiling CUDA source file Points.cu...
  
  C:\Users\Marcin\Documents\CPP\Pso_CUDA>"C:\Program Files\NVIDIA GPU Computing Toolkit\CUDA\v12.6\bin\nvcc.exe" -gencode=arch=compute_52,code=\"sm_52,compute_52\" --use-local-env -ccbin "C:\Program Files\Microsoft Visual Studio\2022\Community\VC\Tools\MSVC\14.41.34120\bin\HostX64\x64" -x cu   -I"C:\Program Files\NVIDIA GPU Computing Toolkit\CUDA\v12.6\include" -I"C:\Program Files\NVIDIA GPU Computing Toolkit\CUDA\v12.6\include"     --keep-dir Pso_CUDA\x64\Release  -maxrregcount=0   --machine 64 --compile -cudart static    -DNDEBUG -D_CONSOLE -D_UNICODE -DUNICODE -Xcompiler "/EHsc /W3 /nologo /O2 /FS   /MD " -Xcompiler "/FdPso_CUDA\x64\Release\vc143.pdb" -o C:\Users\Marcin\Documents\CPP\Pso_CUDA\Pso_CUDA\x64\Release\Points.cu.obj "C:\Users\Marcin\Documents\CPP\Pso_CUDA\Points.cu" 
  Points.cu
  tmpxft_00006db0_00000000-7_Points.cudafe1.cpp
C:\Users\Marcin\Documents\CPP\Pso_CUDA\Points.cu(98): warning C4244: "argument": konwersja z "time_t" do "unsigned long", możliwa utrata danych
  Pso.cpp
C:\Users\Marcin\Documents\CPP\Pso_CUDA\Pso.cpp(63,62): warning C4244: "=": konwersja z "double" do "_Ty", możliwa utrata danych
C:\Users\Marcin\Documents\CPP\Pso_CUDA\Pso.cpp(63,62): warning C4244:         with
C:\Users\Marcin\Documents\CPP\Pso_CUDA\Pso.cpp(63,62): warning C4244:         [
C:\Users\Marcin\Documents\CPP\Pso_CUDA\Pso.cpp(63,62): warning C4244:             _Ty=float
C:\Users\Marcin\Documents\CPP\Pso_CUDA\Pso.cpp(63,62): warning C4244:         ]
C:\Users\Marcin\Documents\CPP\Pso_CUDA\Pso.cpp(64,66): warning C4244: "=": konwersja z "double" do "_Ty", możliwa utrata danych
C:\Users\Marcin\Documents\CPP\Pso_CUDA\Pso.cpp(64,66): warning C4244:         with
C:\Users\Marcin\Documents\CPP\Pso_CUDA\Pso.cpp(64,66): warning C4244:         [
C:\Users\Marcin\Documents\CPP\Pso_CUDA\Pso.cpp(64,66): warning C4244:             _Ty=float
C:\Users\Marcin\Documents\CPP\Pso_CUDA\Pso.cpp(64,66): warning C4244:         ]
  Trwa generowanie kodu
  Previous IPDB and IOBJ mismatch, fall back to full compilation.
  All 317 functions were compiled because no usable IPDB/IOBJ from previous compilation was found.
  Zakończono generowanie kodu
  Pso_CUDA.vcxproj -> C:\Users\Marcin\Documents\CPP\Pso_CUDA\x64\Release\Pso_CUDA.exe
